// Jest Snapshot v1, https://goo.gl/fbAQLP

exports[`test Messages to snapshot 1`] = `
Object {
  "asFragment": [Function],
  "baseElement": <body>
    <div>
      <div
        class="messages"
      >
        <div
          class="message message-author-me"
        >
          <div
            class="message-header"
          >
             
            user
             
            <span
              class="message__time"
            >
              04:00
            </span>
          </div>
          hello World
        </div>
        <div
          class="message message-author-me"
        >
          <div
            class="message-header"
          >
             
            bot
             
            <span
              class="message__time"
            >
              04:00
            </span>
          </div>
          hello man
        </div>
        <div
          class="message message-author-me"
        >
          <div
            class="message-header"
          >
             
            user
             
            <span
              class="message__time"
            >
              04:00
            </span>
          </div>
          how are you?
        </div>
      </div>
      <div
        class="senderPlace"
      />
    </div>
  </body>,
  "container": <div>
    <div
      class="messages"
    >
      <div
        class="message message-author-me"
      >
        <div
          class="message-header"
        >
           
          user
           
          <span
            class="message__time"
          >
            04:00
          </span>
        </div>
        hello World
      </div>
      <div
        class="message message-author-me"
      >
        <div
          class="message-header"
        >
           
          bot
           
          <span
            class="message__time"
          >
            04:00
          </span>
        </div>
        hello man
      </div>
      <div
        class="message message-author-me"
      >
        <div
          class="message-header"
        >
           
          user
           
          <span
            class="message__time"
          >
            04:00
          </span>
        </div>
        how are you?
      </div>
    </div>
    <div
      class="senderPlace"
    />
  </div>,
  "debug": [Function],
  "findAllByAltText": [Function],
  "findAllByDisplayValue": [Function],
  "findAllByLabelText": [Function],
  "findAllByPlaceholderText": [Function],
  "findAllByRole": [Function],
  "findAllByTestId": [Function],
  "findAllByText": [Function],
  "findAllByTitle": [Function],
  "findByAltText": [Function],
  "findByDisplayValue": [Function],
  "findByLabelText": [Function],
  "findByPlaceholderText": [Function],
  "findByRole": [Function],
  "findByTestId": [Function],
  "findByText": [Function],
  "findByTitle": [Function],
  "getAllByAltText": [Function],
  "getAllByDisplayValue": [Function],
  "getAllByLabelText": [Function],
  "getAllByPlaceholderText": [Function],
  "getAllByRole": [Function],
  "getAllByTestId": [Function],
  "getAllByText": [Function],
  "getAllByTitle": [Function],
  "getByAltText": [Function],
  "getByDisplayValue": [Function],
  "getByLabelText": [Function],
  "getByPlaceholderText": [Function],
  "getByRole": [Function],
  "getByTestId": [Function],
  "getByText": [Function],
  "getByTitle": [Function],
  "queryAllByAltText": [Function],
  "queryAllByDisplayValue": [Function],
  "queryAllByLabelText": [Function],
  "queryAllByPlaceholderText": [Function],
  "queryAllByRole": [Function],
  "queryAllByTestId": [Function],
  "queryAllByText": [Function],
  "queryAllByTitle": [Function],
  "queryByAltText": [Function],
  "queryByDisplayValue": [Function],
  "queryByLabelText": [Function],
  "queryByPlaceholderText": [Function],
  "queryByRole": [Function],
  "queryByTestId": [Function],
  "queryByText": [Function],
  "queryByTitle": [Function],
  "rerender": [Function],
  "unmount": [Function],
}
`;
